
   PASS  Tests\Unit\ExampleTest
  Γ£ô that true is true                  0.01s  

   PASS  Tests\Feature\AuthIsolationTest
  Γ£ô unauthenticated user is redirecteΓÇª 0.46s  
  Γ£ô authenticated user can access dasΓÇª 0.23s  
  Γ£ô user cannot see other users contaΓÇª 0.04s  

   PASS  Tests\Feature\Auth\AuthenticationTest
  Γ£ô login screen can be rendered       0.04s  
  Γ£ô users can authenticate using theΓÇª  0.04s  
  Γ£ô users can not authenticate with iΓÇª 0.23s  
  Γ£ô users can logout                   0.04s  

   PASS  Tests\Feature\Auth\EmailVerificationTest
  Γ£ô email verification screen can beΓÇª  0.03s  
  Γ£ô email can be verified              0.03s  
  Γ£ô email is not verified with invaliΓÇª 0.03s  

   PASS  Tests\Feature\Auth\PasswordConfirmationTest
  Γ£ô confirm password screen can be reΓÇª 0.04s  
  Γ£ô password can be confirmed          0.03s  
  Γ£ô password is not confirmed with inΓÇª 0.23s  

   PASS  Tests\Feature\Auth\PasswordResetTest
  Γ£ô reset password link screen can beΓÇª 0.03s  
  Γ£ô reset password link can be requesΓÇª 0.24s  
  Γ£ô reset password screen can be rendΓÇª 0.27s  
  Γ£ô password can be reset with validΓÇª  0.27s  

   PASS  Tests\Feature\Auth\PasswordUpdateTest
  Γ£ô password can be updated            0.03s  
  Γ£ô correct password must be providedΓÇª 0.03s  

   PASS  Tests\Feature\Auth\RegistrationTest
  Γ£ô registration screen can be renderΓÇª 0.03s  
  Γ£ô new users can register             0.03s  

   PASS  Tests\Feature\ExampleTest
  Γ£ô the application returns a successΓÇª 0.02s  

   PASS  Tests\Feature\LeadScoreEngineTest
  Γ£ô it calculates perfect score for mΓÇª 0.02s  
  Γ£ô it identifies mismatches           0.02s  

   PASS  Tests\Feature\NetworkStrategyEngineTest
  Γ£ô it tracks daily outreach progress  0.03s  
  Γ£ô it suggests new contacts for outrΓÇª 0.03s  
  Γ£ô it suggests hot leads for meetingΓÇª 0.04s  

   PASS  Tests\Feature\ProfileTest
  Γ£ô profile page is displayed          0.11s  
  Γ£ô profile information can be updateΓÇª 0.05s  
  Γ£ô email verification status is unchΓÇª 0.03s  
  Γ£ô user can delete their account      0.03s  
  Γ£ô correct password must be providedΓÇª 0.03s  

  Tests:    33 passed (77 assertions)
  Duration: 3.18s

